T6BC8 000:003.146   SEGGER J-Link V9.42 Log File
T6BC8 000:003.364   DLL Compiled: May  6 2026 12:25:27
T6BC8 000:003.381   Logging started @ 2026-08-24 23:42
T6BC8 000:003.397   Process: C:\Users\a5132247\.eclipse\com.renesas.platform_1584587709\DebugComp\RA\e2-server-gdb.exe
T6BC8 000:003.417 - 3.412ms 
T6BC8 000:003.441 JLINK_GetDLLVersion()
T6BC8 000:003.457 - 0.016ms returns 94200
T6BC8 000:010.167 JLINK_OpenEx(...)
T6BC8 000:026.367   Firmware: J-Link OB-RA4M2 compiled Dec 10 2025 15:52:53
T6BC8 000:032.982   Firmware: J-Link OB-RA4M2 compiled Dec 10 2025 15:52:53
T6BC8 000:054.677   Hardware: V1.00
T6BC8 000:054.771   S/N: 1084176771
T6BC8 000:054.809   OEM: SEGGER
T6BC8 000:054.850   Feature(s): None
T6BC8 000:059.689   Bootloader: 2021 May 14
T6BC8 000:060.477   USB speed mode: Full speed (12 MBit/s)
T6BC8 000:061.460   TELNET listener socket opened on port 19021
T6BC8 000:062.347   WEBSRV WEBSRV_Init(): Starting webserver thread(s)
T6BC8 000:062.903   WEBSRV Webserver running on local port 19080
T6BC8 000:063.508   Looking for J-Link GUI Server exe at: C:\Users\a5132247\.eclipse\com.renesas.platform_1584587709\DebugComp\RA\ARM\Segger_v9.42.0\JLinkGUIServer.exe
T6BC8 000:064.338   Looking for J-Link GUI Server exe at: \JLinkGUIServer.exe
T6BC8 000:365.081   Failed to connect to J-Link GUI Server.
T6BC8 000:365.243 - 355.064ms returns "O.K."
T6BC8 000:365.783 JLINK_ExecCommand("ProjectFile=C:\Users\a5132247\e2studio\pes_servo\PWM_Servo_Motor_FPB_RA2E3/PWM_Servo_Motor_FPB_RA2E3.elf.jlink", ...). 
T6BC8 000:388.705 - 22.924ms returns 0x00
T6BC8 000:389.470 JLINK_ExecCommand("device=R7FA2E307", ...). 
T6BC8 000:390.369   Flash bank @ 0x01010010: SFL: Parsing sectorization info from ELF file
T6BC8 000:390.430     FlashDevice.SectorInfo[0]: .SectorSize = 0x00000024, .SectorStartAddr = 0x00000000
T6BC8 000:390.465   FlashBank @0x01010010: Sectorization info from SFL ELF file ignored because sectorization override from DLL / XML file is active.
T6BC8 000:391.701   Device "R7FA2E307" selected.
T6BC8 000:393.121 - 3.650ms returns 0x00
T6BC8 000:393.170 JLINK_ExecCommand("SetCPUConnectIDCODE = FFFFFFFFFFFFFFFFFFFFFFFFFFFFFFFF", ...). 
T6BC8 000:393.193 - 0.022ms returns 0x00
T6BC8 000:393.223 JLINK_TIF_GetAvailable(...)
T6BC8 000:393.545 - 0.321ms 
T6BC8 000:393.583 JLINK_TIF_Select(JLINKARM_TIF_SWD)
T6BC8 000:395.959 - 2.378ms returns 0x00
T6BC8 000:396.056 JLINK_SetSpeed(4000)
T6BC8 000:396.288 - 0.233ms 
T6BC8 000:396.339 JLINK_SetEndian(ARM_ENDIAN_LITTLE)
T6BC8 000:396.353 - 0.014ms returns 0
T6BC8 000:396.368 JLINK_SetInitRegsOnReset(OFF)
T6BC8 000:396.384 - 0.016ms returns 1
T6BC8 000:396.399 JLINK_SetResetType(JLINKARM_RESET_TYPE_NO_RESET)
T6BC8 000:396.413 - 0.013ms returns JLINKARM_RESET_TYPE_NORMAL
T6BC8 000:396.429 JLINK_ExecCommand("EnableFlashBPs", ...). 
T6BC8 000:396.443 - 0.014ms returns 0x00
T6BC8 000:396.459 JLINK_ExecCommand("SetAllowFlashCache = 1", ...). 
T6BC8 000:396.473 - 0.014ms returns 0x01
T6BC8 000:396.488 JLINK_ExecCommand("SetRestartOnClose = 0", ...). 
T6BC8 000:396.503 - 0.014ms returns 0x01
T6BC8 000:396.520 JLINK_ExecCommand("SetAllowSimulation = 0", ...). 
T6BC8 000:396.534 - 0.014ms returns 0x01
T6BC8 000:396.551 JLINK_EnableSoftBPs(ON)
T6BC8 000:396.566 - 0.016ms 
T6BC8 000:396.581 JLINK_Connect()
T6BC8 000:397.603   InitTarget() start
T6BC8 000:397.643    J-Link Script File: Executing InitTarget()
T6BC8 000:397.662   Identifying target device...
T6BC8 000:397.683   SWD selected. Executing JTAG -> SWD switching sequence...
T6BC8 000:398.545   Initializing DAP...
T6BC8 000:400.491   DAP initialized successfully.
T6BC8 000:402.202   Low power mode detected. Waking device from low power mode.
T6BC8 000:405.173   InitTarget() end - Took 7.53ms
T6BC8 000:405.798   Found SW-DP with ID 0x5BA02477
T6BC8 000:407.592   DPIDR: 0x5BA02477
T6BC8 000:407.622   CoreSight SoC-400 or earlier
T6BC8 000:407.644   Scanning AP map to find all available APs
T6BC8 000:408.448   AP[2]: Stopped AP scan as end of AP map has been reached
T6BC8 000:408.476   AP[0]: AHB-AP (IDR: 0x74770001, ADDR: 0x00000000)
T6BC8 000:408.551   AP[1]: APB-AP (IDR: 0x44770002, ADDR: 0x01000000)
T6BC8 000:408.575   Iterating through AP map to find AHB-AP to use
T6BC8 000:409.464   AP[0]: Core found
T6BC8 000:409.490   AP[0]: AHB-AP ROM base: 0x4001A000
T6BC8 000:409.939   CPUID register: 0x411CD200. Implementer code: 0x41 (ARM)
T6BC8 000:409.964   Feature set: Baseline
T6BC8 000:410.462   Cache: No cache
T6BC8 000:410.489   Found Cortex-M23 r1p0, Little endian.
T6BC8 000:410.797   -- Max. mem block: 0x0001D908
T6BC8 000:411.303   CPU_ReadMem(4 bytes @ 0xE000EDF0)
T6BC8 000:411.793   CPU_WriteMem(4 bytes @ 0xE000EDF0)
T6BC8 000:412.102   CPU_ReadMem(4 bytes @ 0xE0002000)
T6BC8 000:412.475   FPUnit: 4 code (BP) slots and 0 literal slots
T6BC8 000:412.522   CPU_ReadMem(4 bytes @ 0xE000EDFC)
T6BC8 000:412.809   CPU_WriteMem(4 bytes @ 0xE000EDFC)
T6BC8 000:413.143   CPU_ReadMem(4 bytes @ 0xE0001000)
T6BC8 000:413.472   CPU_ReadMem(4 bytes @ 0xE0001000)
T6BC8 000:413.809   CPU_ReadMem(4 bytes @ 0xE0001028)
T6BC8 000:414.167   CPU_ReadMem(4 bytes @ 0xE0001038)
T6BC8 000:414.470   CPU_WriteMem(4 bytes @ 0xE0001000)
T6BC8 000:414.803   CPU_ReadMem(4 bytes @ 0xE000ED88)
T6BC8 000:415.167   CPU_WriteMem(4 bytes @ 0xE000ED88)
T6BC8 000:415.492   CPU_ReadMem(4 bytes @ 0xE000ED88)
T6BC8 000:415.764   CPU_WriteMem(4 bytes @ 0xE000ED88)
T6BC8 000:416.040   CPU_ReadMem(4 bytes @ 0xE000EFB8)
T6BC8 000:416.316   Security extension: not implemented
T6BC8 000:416.341   CoreSight components:
T6BC8 000:416.364   ROMTbl[0] @ 4001A000
T6BC8 000:416.388   CPU_ReadMem(64 bytes @ 0x4001A000)
T6BC8 000:417.045   CPU_ReadMem(32 bytes @ 0xE000EFE0)
T6BC8 000:417.557   CPU_ReadMem(4 bytes @ 0xE000EFBC)
T6BC8 000:417.847   CPU_ReadMem(4 bytes @ 0xE000EFCC)
T6BC8 000:418.146   [0][0]: E000E000 CID B105900D PID 000BBD20 DEVARCH 47702A04 DEVTYPE 00 Cortex-M23
T6BC8 000:418.175   CPU_ReadMem(32 bytes @ 0xE0001FE0)
T6BC8 000:418.693   CPU_ReadMem(4 bytes @ 0xE0001FBC)
T6BC8 000:418.979   CPU_ReadMem(4 bytes @ 0xE0001FCC)
T6BC8 000:419.268   [0][1]: E0001000 CID B105900D PID 000BBD20 DEVARCH 47701A02 DEVTYPE 00 DWT
T6BC8 000:419.320   CPU_ReadMem(32 bytes @ 0xE0002FE0)
T6BC8 000:419.838   CPU_ReadMem(4 bytes @ 0xE0002FBC)
T6BC8 000:420.168   CPU_ReadMem(4 bytes @ 0xE0002FCC)
T6BC8 000:420.473   [0][2]: E0002000 CID B105900D PID 000BBD20 DEVARCH 47701A03 DEVTYPE 00 FPB
T6BC8 000:420.499   CPU_ReadMem(32 bytes @ 0x40019FE0)
T6BC8 000:421.002   CPU_ReadMem(4 bytes @ 0x40019FBC)
T6BC8 000:421.317   CPU_ReadMem(4 bytes @ 0x40019FCC)
T6BC8 000:421.592   [0][3]: 40019000 CID B105900D PID 000BBD20 DEVARCH 47710A31 DEVTYPE 31 MTB
T6BC8 000:421.645 - 25.063ms returns 0x00
T6BC8 000:421.672 JLINK_Halt()
T6BC8 000:424.284 - 2.612ms returns 0x00
T6BC8 000:424.311 JLINK_IsHalted()
T6BC8 000:424.342 - 0.031ms returns TRUE
T6BC8 000:424.360 JLINK_ResetPullsRESET(ON)
T6BC8 000:424.376 - 0.016ms 
T6BC8 000:424.392 JLINK_Reset()
T6BC8 000:424.418   JLINK_GetResetTypeDesc
T6BC8 000:424.433   - 0.015ms 
T6BC8 000:424.454   Reset type: CONNECT UNDER RESET (https://kb.segger.com/J-Link_Reset_Strategies)
T6BC8 000:424.473   CPU_WriteMem(4 bytes @ 0xE000EDF0)
T6BC8 000:424.761   CPU_ReadMem(4 bytes @ 0xE000ED44)
T6BC8 000:425.037   CPU_WriteMem(4 bytes @ 0xE000EDFC)
T6BC8 000:425.317   Reset: Halt core after reset via DEMCR.VC_CORERESET.
T6BC8 000:425.638   Reset: Reset device via AIRCR.SYSRESETREQ.
T6BC8 000:425.665   CPU_WriteMem(4 bytes @ 0xE000ED0C)
T6BC8 000:479.065   CPU_ReadMem(4 bytes @ 0xE000EDF0)
T6BC8 000:479.552   CPU_ReadMem(4 bytes @ 0xE000EDF0)
T6BC8 000:480.101   CPU_WriteMem(4 bytes @ 0xE000EDFC)
T6BC8 000:486.785   CPU_ReadMem(4 bytes @ 0xE000EDF0)
T6BC8 000:490.216   CPU_WriteMem(4 bytes @ 0xE0002000)
T6BC8 000:490.667   CPU_ReadMem(4 bytes @ 0xE000EDFC)
T6BC8 000:490.992   CPU_ReadMem(4 bytes @ 0xE0001000)
T6BC8 000:491.345   CPU_WriteMem(4 bytes @ 0xE0001000)
T6BC8 000:491.715   CPU_ReadMem(4 bytes @ 0xE000EE08)
T6BC8 000:492.103 - 67.711ms 
T6BC8 000:492.902 JLINK_IsHalted()
T6BC8 000:492.928 - 0.025ms returns TRUE
T6BC8 000:493.208 JLINK_IsHalted()
T6BC8 000:493.227 - 0.018ms returns TRUE
T6BC8 000:493.244 JLINK_MeasureCPUSpeed(RAMAddr = 0xFFFFFFFF)
T6BC8 000:493.262   CPU_ReadMem(16 bytes @ 0x20004000)
T6BC8 000:493.696   CPU_ReadMem(64 bytes @ 0x20004000)
T6BC8 000:494.540    -- Updating C cache (64 bytes @ 0x20004000)
T6BC8 000:494.569    -- Read from C cache (6 bytes @ 0x20004000)
T6BC8 000:494.593   CPU_ReadMem(4 bytes @ 0x40019004)
T6BC8 000:494.925   CPU_ReadMem(4 bytes @ 0xE000ED90)
T6BC8 000:495.247   CPU_ReadMem(4 bytes @ 0xE000ED94)
T6BC8 000:495.634   CPU_WriteMem(16 bytes @ 0x20004000)
T6BC8 000:496.065   CPU_WriteMem(6 bytes @ 0x20004000)
T6BC8 000:496.412   CPU_ReadMem(64 bytes @ 0x20004000)
T6BC8 000:497.096    -- Updating C cache (64 bytes @ 0x20004000)
T6BC8 000:497.125    -- Read from C cache (6 bytes @ 0x20004000)
T6BC8 000:497.152   CPU_ReadMem(4 bytes @ 0xE000EE08)
T6BC8 000:497.438   CPU_WriteMem(4 bytes @ 0xE0002008)
T6BC8 000:497.464   CPU_WriteMem(4 bytes @ 0xE000200C)
T6BC8 000:497.486   CPU_WriteMem(4 bytes @ 0xE0002010)
T6BC8 000:497.512   CPU_WriteMem(4 bytes @ 0xE0002014)
T6BC8 000:504.236   CPU_WriteMem(4 bytes @ 0xE0002008)
T6BC8 000:504.654   CPU_WriteMem(4 bytes @ 0xE000200C)
T6BC8 000:505.043   CPU_WriteMem(4 bytes @ 0xE0002010)
T6BC8 000:505.437   CPU_WriteMem(4 bytes @ 0xE0002014)
T6BC8 000:505.776   CPU_ReadMem(4 bytes @ 0xE000EE08)
T6BC8 000:506.057   CPU_ReadMem(4 bytes @ 0xE000EE08)
T6BC8 000:506.334   CPU_ReadMem(4 bytes @ 0xE000EE08)
T6BC8 000:533.220   CPU_WriteMem(6 bytes @ 0x20004000)
T6BC8 000:534.054   ClockFreq: 502950 Hz
T6BC8 000:534.156 - 40.911ms returns 502950
T6BC8 000:534.211 JLINK_ReadReg(XPSR)
T6BC8 000:534.249   CPU_ReadMem(4 bytes @ 0xE000EE08)
T6BC8 000:534.836 - 0.623ms returns 0x21000000
T5F10 002:850.716 JLINK_ResetPullsRESET(ON)
T5F10 002:850.780 - 0.065ms 
T5F10 002:850.797 JLINK_Halt()
T5F10 002:851.179 - 0.381ms returns 0x00
T5F10 002:851.235 JLINK_IsHalted()
T5F10 002:851.253 - 0.018ms returns TRUE
T5F10 002:851.270 JLINK_Reset()
T5F10 002:851.292   CPU_ReadMem(4 bytes @ 0x20004000)
T5F10 002:851.610   CPU_WriteMem(4 bytes @ 0x20004000)
T5F10 002:852.031   JLINK_GetResetTypeDesc
T5F10 002:852.054   - 0.023ms 
T5F10 002:852.071   Reset type: CONNECT UNDER RESET (https://kb.segger.com/J-Link_Reset_Strategies)
T5F10 002:852.088   CPU_WriteMem(4 bytes @ 0xE000EDF0)
T5F10 002:852.438   CPU_ReadMem(4 bytes @ 0xE000ED44)
T5F10 002:852.778   CPU_WriteMem(4 bytes @ 0xE000EDFC)
T5F10 002:853.094   Reset: Halt core after reset via DEMCR.VC_CORERESET.
T5F10 002:853.490   Reset: Reset device via AIRCR.SYSRESETREQ.
T5F10 002:853.518   CPU_WriteMem(4 bytes @ 0xE000ED0C)
T5F10 002:907.523   CPU_ReadMem(4 bytes @ 0xE000EDF0)
T5F10 002:907.988   CPU_ReadMem(4 bytes @ 0xE000EDF0)
T5F10 002:908.496   CPU_WriteMem(4 bytes @ 0xE000EDFC)
T5F10 002:914.978   CPU_ReadMem(4 bytes @ 0xE000EDF0)
T5F10 002:918.756   CPU_WriteMem(4 bytes @ 0xE0002000)
T5F10 002:919.363   CPU_ReadMem(4 bytes @ 0xE000EDFC)
T5F10 002:919.732   CPU_ReadMem(4 bytes @ 0xE0001000)
T5F10 002:920.101   CPU_WriteMem(4 bytes @ 0xE0001000)
T5F10 002:920.566   CPU_ReadMem(4 bytes @ 0xE000EE08)
T5F10 002:921.047 - 69.776ms 
T5F10 002:921.094 JLINK_SetEndian(ARM_ENDIAN_LITTLE)
T5F10 002:921.118 - 0.019ms returns 0
T5F10 002:922.007 JLINK_BeginDownload(Flags = 0x00000000)
T5F10 002:922.058 - 0.051ms 
T5F10 002:947.338 JLINK_WriteMem(0x00000000, 0x40 Bytes, ...)
T5F10 002:947.392   Data:  00 44 00 20 99 00 00 00 F9 0E 00 00 11 10 00 00 ...
T5F10 002:947.599   completely In flash
T5F10 002:947.634 - 0.296ms returns 0x40
T5F10 002:948.193 JLINK_WriteMem(0x00000040, 0x154 Bytes, ...)
T5F10 002:948.252   Data:  02 00 00 00 50 00 00 00 03 00 00 00 68 00 00 00 ...
T5F10 002:948.283   completely In flash
T5F10 002:948.306 - 0.113ms returns 0x154
T5F10 002:949.052 JLINK_WriteMem(0x00000400, 0x4 Bytes, ...)
T5F10 002:949.088   Data:  FF FF FF FF
T5F10 002:949.119   completely In flash
T5F10 002:949.142 - 0.090ms returns 0x4
T5F10 002:949.784 JLINK_WriteMem(0x00000404, 0x4 Bytes, ...)
T5F10 002:949.816   Data:  DF CF FF FF
T5F10 002:949.846   completely In flash
T5F10 002:949.876 - 0.092ms returns 0x4
T5F10 002:950.573 JLINK_WriteMem(0x00000440, 0xBD0 Bytes, ...)
T5F10 002:950.617   Data:  F8 B5 04 46 02 20 74 B1 69 B1 20 78 38 B1 A8 20 ...
T5F10 002:950.648   completely In flash
T5F10 002:950.680 - 0.107ms returns 0xBD0
T5F10 002:951.188 JLINK_WriteMem(0x00001010, 0x762 Bytes, ...)
T5F10 002:951.226   Data:  00 BE 70 47 70 47 B0 B5 51 43 43 43 59 18 03 0C ...
T5F10 002:951.259   completely In flash
T5F10 002:951.283 - 0.095ms returns 0x762
T5F10 002:975.816 JLINK_EndDownload()
T5F10 002:976.234   HandleBeforeFlashProg() start
T5F10 002:976.318    J-Link Script File: Executing HandleBeforeFlashProg()
T5F10 002:976.351   CPU_ReadMem(2 bytes @ 0x40000D04)
T5F10 002:976.776   CPU_ReadMem(2 bytes @ 0x40000D14)
T5F10 002:977.265   HandleBeforeFlashProg() end - Took 945us
T5F10 002:977.317   CPU_ReadMem(4 bytes @ 0x40019004)
T5F10 002:977.793   CPU_ReadMem(4 bytes @ 0xE000ED90)
T5F10 002:978.262   CPU_ReadMem(4 bytes @ 0xE000ED94)
T5F10 002:978.756    -- --------------------------------------
T5F10 002:978.800    -- Flash bank @ 0x00000000: Default: L2 verify disabled because algorithm performs L1 verify
T5F10 002:978.822    -- Start of determining dirty areas in flash cache
T5F10 002:978.848    -- Filling invalid ranges in sector buffer (flash cache) for sector @ 0x00000000 if necessary
T5F10 002:978.869    -- Filling invalid ranges in sector buffer (flash cache) for sector @ 0x00000800 if necessary
T5F10 002:978.892    -- Filling invalid ranges in sector buffer (flash cache) for sector @ 0x00001000 if necessary
T5F10 002:978.922    -- End of determining dirty areas
T5F10 002:978.944    -- Start of preparing flash programming
T5F10 002:978.966    -- Calculating RAM usage
T5F10 002:986.840    -- RAM usage = 3284 Bytes
T5F10 002:986.912    -- Preserving CPU registers
T5F10 002:987.324    -- Determining CPU clock frequency
T5F10 003:023.467    -- Preparing target
T5F10 003:027.109    -- Preserving target RAM temporarily used for programming
T5F10 003:044.069    -- Downloading RAMCode
T5F10 003:062.735    -- Preparing RAMCode
T5F10 003:073.524    -- CPU frequency = 8000 kHz
T5F10 003:073.612    -- End of preparing flash programming
T5F10 003:073.641   
  ***** Warning: 
T5F10 003:073.661   CPU is running at low speed (8000 kHz).
T5F10 003:073.685    -- CPU is running at 8000 kHz.
T5F10 003:073.706    -- Start of comparing flash
T5F10 003:073.726    -- CRC check was estimated as fastest method
T5F10 003:073.748    -- Comparing range 0x0000 - 0x17FF (3 Sectors, 6 KB), using multi-block CRC calculation
T5F10 003:088.210    -- CRC does not match for sectors 0, 2
T5F10 003:088.290    -- Comparing range 0x0800 - 0x0FFF (1 Sector, 2 KB), using alternative multi-block CRC calculation
T5F10 003:093.900    -- All CRCs match
T5F10 003:093.954    -- End of comparing flash
T5F10 003:093.978    -- Start of erasing sectors
T5F10 003:094.002    -- Erasing range 0x00000000 - 0x000007FF (  1 Sector, 2 KB)
T5F10 003:100.698    -- Erasing range 0x00001000 - 0x000017FF (  1 Sector, 2 KB)
T5F10 003:107.346    -- End of erasing sectors
T5F10 003:107.403    -- Start of flash programming
T5F10 003:107.427    -- Programming range 0x00000000 - 0x000007FF (  1 Sector, 2 KB)
T5F10 003:117.920    -- Programming range 0x00001000 - 0x000017FF (  1 Sector, 2 KB)
T5F10 003:146.877    -- End of flash programming
T5F10 003:146.959    -- 0x0000 - 0x07FF (  1 Sector, 2 KB)
T5F10 003:146.982    -- 0x1000 - 0x17FF (  1 Sector, 2 KB)
T5F10 003:147.006    -- Start of restoring
T5F10 003:147.032    -- Restoring RAMCode
T5F10 003:164.251    -- Restoring target memory
T5F10 003:177.935    -- Restore target
T5F10 003:179.832    -- Restoring CPU registers
T5F10 003:180.299    -- End of restoring
T5F10 003:180.362    -- Bank 1 @ 0x00000000: 2 ranges affected (4096 bytes)
T5F10 003:180.393    -- Total: 0.201s (Prepare: 0.094s, Compare: 0.020s, Erase: 0.013s, Program & Verify: 0.053s, Restore: 0.019s)
T5F10 003:180.474    -- Program & Verify speed: 75 KB/s
T5F10 003:180.506   HandleAfterFlashProg() start
T5F10 003:180.529    J-Link Script File: Executing HandleAfterFlashProg()
T5F10 003:180.553   HandleAfterFlashProg() end - Took 24us
T5F10 003:180.871 - 205.054ms returns 4096 (0x1000)
T5F10 003:182.118 JLINK_WriteReg(R15 (PC), 0x00000098)
T5F10 003:182.162 - 0.045ms returns 0
T5F10 003:182.183 JLINK_WriteReg(XPSR, 0x01000000)
T5F10 003:182.202 - 0.018ms returns 0
T5F10 003:183.416 JLINK_ResetPullsRESET(ON)
T5F10 003:183.484 - 0.068ms 
T5F10 003:183.510 JLINK_Halt()
T5F10 003:183.530 - 0.020ms returns 0x00
T5F10 003:183.547 JLINK_IsHalted()
T5F10 003:183.564 - 0.017ms returns TRUE
T5F10 003:183.604 JLINK_Reset()
T5F10 003:183.629   CPU_ReadMem(4 bytes @ 0x20004000)
T5F10 003:183.985   CPU_WriteMem(4 bytes @ 0x20004000)
T5F10 003:184.413   JLINK_GetResetTypeDesc
T5F10 003:184.455   - 0.057ms 
T5F10 003:184.472   Reset type: CONNECT UNDER RESET (https://kb.segger.com/J-Link_Reset_Strategies)
T5F10 003:184.490   CPU_WriteMem(4 bytes @ 0xE000EDF0)
T5F10 003:184.808   CPU_ReadMem(4 bytes @ 0xE000ED44)
T5F10 003:185.111   CPU_WriteMem(4 bytes @ 0xE000EDFC)
T5F10 003:185.683   Reset: Halt core after reset via DEMCR.VC_CORERESET.
T5F10 003:186.099   Reset: Reset device via AIRCR.SYSRESETREQ.
T5F10 003:186.149   CPU_WriteMem(4 bytes @ 0xE000ED0C)
T5F10 003:241.842   CPU_ReadMem(4 bytes @ 0xE000EDF0)
T5F10 003:242.422   CPU_ReadMem(4 bytes @ 0xE000EDF0)
T5F10 003:243.015   CPU_WriteMem(4 bytes @ 0xE000EDFC)
T5F10 003:249.883   CPU_ReadMem(4 bytes @ 0xE000EDF0)
T5F10 003:253.850   CPU_WriteMem(4 bytes @ 0xE0002000)
T5F10 003:254.440   CPU_ReadMem(4 bytes @ 0xE000EDFC)
T5F10 003:255.013   CPU_ReadMem(4 bytes @ 0xE0001000)
T5F10 003:255.573   CPU_WriteMem(4 bytes @ 0xE0001000)
T5F10 003:256.062   CPU_ReadMem(4 bytes @ 0xE000EE08)
T5F10 003:256.568 - 72.962ms 
T5F10 003:256.612 JLINK_SetEndian(ARM_ENDIAN_LITTLE)
T5F10 003:256.626 - 0.014ms returns 0
T5F10 003:279.788 JLINK_ReadMem(0x00000098, 0x4 Bytes, ...)
T5F10 003:279.873    -- Read from flash cache (4 bytes @ 0x00000098)
T5F10 003:279.897   Data:  00 F0 04 F8
T5F10 003:279.921 - 0.133ms returns 0
T5F10 003:302.472 JLINK_ReadMem(0x00000098, 0x4 Bytes, ...)
T5F10 003:302.568    -- Read from flash cache (4 bytes @ 0x00000098)
T5F10 003:302.592   Data:  00 F0 04 F8
T5F10 003:302.616 - 0.144ms returns 0
T5F10 003:586.747 JLINK_GetNumBPUnits(Type = 0xFFFFFF00)
T5F10 003:586.846 - 0.099ms returns 0x04
T5F10 003:586.864 JLINK_GetNumWPUnits()
T5F10 003:586.879 - 0.015ms returns 2
T5F10 003:586.900 JLINK_GetNumBPUnits(Type = 0xFFFFFF00)
T5F10 003:586.915 - 0.015ms returns 0x04
T5F10 003:586.931 JLINK_GetNumWPUnits()
T5F10 003:586.946 - 0.015ms returns 2
T5F10 003:586.964 JLINK_GetNumBPUnits(Type = 0xFFFFFF00)
T5F10 003:586.980 - 0.015ms returns 0x04
T5F10 003:586.996 JLINK_GetNumWPUnits()
T5F10 003:587.011 - 0.015ms returns 2
T5F10 003:587.072 JLINK_SetBPEx(Addr = 0x00000758, Type = 0xFFFFFF00)
T5F10 003:587.092 - 0.020ms returns 0x00000001
T5F10 003:587.109 JLINK_ClrBPEx(BPHandle = 0x00000001)
T5F10 003:587.125 - 0.016ms returns 0x00
T5F10 003:602.311 JLINK_ReadMem(0x0000075A, 0x2 Bytes, ...)
T5F10 003:602.378    -- Read from flash cache (2 bytes @ 0x0000075A)
T5F10 003:602.410   Data:  FF F7
T5F10 003:602.450 - 0.140ms returns 0
T5F10 003:603.087 JLINK_SetBPEx(Addr = 0x0000075A, Type = 0xFFFFFF00)
T5F10 003:603.132 - 0.046ms returns 0x00000002
T5F10 003:709.574 JLINK_ReadRegs(NumRegs = 22)
T5F10 003:709.660   CPU_ReadMem(4 bytes @ 0xE000EE08)
T5F10 003:710.067   
  R0 (0)        = 0x3FFF               R1 (1)        = 0x40044200           R2 (2)        = 0x00                 R3 (3)        = 0x1600            
  R4 (4)        = 0x200047D4           R5 (5)        = 0x2000482C           R6 (6)        = 0x2000482C           R7 (7)        = 0x200044DC        
  R8 (8)        = 0xBA9FAA57           R9 (9)        = 0xF4BFB265           R10 (10)      = 0xF9CD9F9B           R11 (11)      = 0xFFE0E664        
  R12 (12)      = 0x20004758           R13 (SP) (13) = 0x20004400           R14 (14)      = 0x2000432F           R15 (PC) (15) = 0x98              
  XPSR (16)     = 0x61000000           MSP (17)      = 0x20004400           PSP (18)      = 0xC0AFF680           MSPLIM (86)   = 0x00              
  PSPLIM (87)   = 0x00                 CFBP (20)     = 0x00              
T5F10 003:710.126 - 0.551ms returns 0x00
T5F10 003:711.314 JLINK_ReadMem(0x00000098, 0x4 Bytes, ...)
T5F10 003:711.379    -- Read from flash cache (4 bytes @ 0x00000098)
T5F10 003:711.404   Data:  00 F0 04 F8
T5F10 003:711.427 - 0.114ms returns 0
T5268 003:733.160 JLINK_GetNumBPUnits(Type = 0xFFFFFF00)
T5268 003:733.232 - 0.073ms returns 0x04
T5268 003:733.250 JLINK_GetNumWPUnits()
T5268 003:733.265 - 0.015ms returns 2
T5268 003:733.569 JLINK_GetNumBPUnits(Type = 0xFFFFFF00)
T5268 003:733.604 - 0.036ms returns 0x04
T5268 003:733.620 JLINK_GetNumWPUnits()
T5268 003:733.635 - 0.014ms returns 2
T5268 003:733.886 JLINK_GetNumBPUnits(Type = 0xFFFFFF00)
T5268 003:733.930 - 0.043ms returns 0x04
T5268 003:733.949 JLINK_GetNumWPUnits()
T5268 003:733.965 - 0.015ms returns 2
T5268 003:734.221 JLINK_GetNumBPUnits(Type = 0xFFFFFF00)
T5268 003:734.266 - 0.045ms returns 0x04
T5268 003:734.284 JLINK_GetNumWPUnits()
T5268 003:734.300 - 0.015ms returns 2
T5268 003:734.743 JLINK_GetNumBPUnits(Type = 0xFFFFFF00)
T5268 003:734.780 - 0.037ms returns 0x04
T5268 003:734.797 JLINK_GetNumWPUnits()
T5268 003:734.813 - 0.015ms returns 2
T5268 003:735.094 JLINK_GetNumBPUnits(Type = 0xFFFFFF00)
T5268 003:735.152 - 0.058ms returns 0x04
T5268 003:735.177 JLINK_GetNumWPUnits()
T5268 003:735.199 - 0.021ms returns 2
T5268 003:736.308 JLINK_GetNumBPUnits(Type = 0xFFFFFF00)
T5268 003:736.358 - 0.049ms returns 0x04
T5268 003:736.432 JLINK_GetNumWPUnits()
T5268 003:736.458 - 0.025ms returns 2
T5268 003:737.448 JLINK_GetNumBPUnits(Type = 0xFFFFFF00)
T5268 003:737.521 - 0.074ms returns 0x04
T5268 003:737.547 JLINK_GetNumWPUnits()
T5268 003:737.570 - 0.022ms returns 2
T5F10 003:895.584 JLINK_ReadMem(0x00000098, 0x4 Bytes, ...)
T5F10 003:895.678    -- Read from flash cache (4 bytes @ 0x00000098)
T5F10 003:895.703   Data:  00 F0 04 F8
T5F10 003:895.726 - 0.142ms returns 0
T5F10 008:302.147 JLINK_IsHalted()
T5F10 008:302.627 - 0.479ms returns TRUE
T5F10 008:302.692 JLINK_GoEx(MaxEmulInsts = 0, Flags = 0x01)
T5F10 008:302.726   CPU_WriteMem(4 bytes @ 0xE0002000)
T5F10 008:303.170   CPU_ReadMem(4 bytes @ 0xE0001000)
T5F10 008:303.579   CPU_WriteMem(4 bytes @ 0xE0001000)
T5F10 008:303.979   CPU_WriteMem(4 bytes @ 0xE0002008)
T5F10 008:304.023   CPU_WriteMem(4 bytes @ 0xE000200C)
T5F10 008:304.056   CPU_WriteMem(4 bytes @ 0xE0002010)
T5F10 008:304.086   CPU_WriteMem(4 bytes @ 0xE0002014)
T5F10 008:305.102   CPU_WriteMem(4 bytes @ 0xE0001004)
T5F10 008:306.365   Memory map 'after startup completion point' is active
T5F10 008:306.445 - 3.752ms 
T5F10 008:406.360 JLINK_IsHalted()
T5F10 008:409.770 - 3.408ms returns TRUE
T5F10 008:409.910 JLINK_ReadReg(XPSR)
T5F10 008:409.965   CPU_ReadMem(4 bytes @ 0xE000EE08)
T5F10 008:410.699 - 0.787ms returns 0x61000000
T5F10 008:410.838 JLINK_ReadReg(R15 (PC))
T5F10 008:410.886 - 0.048ms returns 0x0000075A
T5F10 008:411.030 JLINK_ReadReg(XPSR)
T5F10 008:411.100 - 0.068ms returns 0x61000000
T5F10 008:411.147 JLINK_ReadReg(XPSR)
T5F10 008:411.190 - 0.041ms returns 0x61000000
T5F10 008:411.234 JLINK_ReadReg(R15 (PC))
T5F10 008:411.274 - 0.040ms returns 0x0000075A
T5F10 008:411.349 JLINK_ReadReg(XPSR)
T5F10 008:411.394 - 0.044ms returns 0x61000000
T5F10 008:411.438 JLINK_ReadMem(0x0000075A, 0x1 Bytes, ...)
T5F10 008:411.487    -- Read from flash cache (1 bytes @ 0x0000075A)
T5F10 008:411.573   Data:  FF
T5F10 008:411.632 - 0.193ms returns 0
T5F10 008:411.674 JLINK_IsHalted()
T5F10 008:411.714 - 0.038ms returns TRUE
T5F10 008:411.795 JLINK_ReadReg(XPSR)
T5F10 008:411.844 - 0.048ms returns 0x61000000
T5F10 008:411.880 JLINK_ReadReg(XPSR)
T5F10 008:411.916 - 0.035ms returns 0x61000000
T5F10 008:411.947 JLINK_ReadReg(R15 (PC))
T5F10 008:411.974 - 0.027ms returns 0x0000075A
T5F10 008:412.027 JLINK_ReadReg(XPSR)
T5F10 008:412.054 - 0.027ms returns 0x61000000
T5F10 008:412.082 JLINK_ReadMem(0x0000075A, 0x1 Bytes, ...)
T5F10 008:412.124    -- Read from flash cache (1 bytes @ 0x0000075A)
T5F10 008:412.174   Data:  FF
T5F10 008:412.215 - 0.133ms returns 0
T5F10 008:413.173 JLINK_IsHalted()
T5F10 008:413.246 - 0.073ms returns TRUE
T5F10 008:413.277 JLINK_ReadReg(XPSR)
T5F10 008:413.308 - 0.030ms returns 0x61000000
T5F10 008:413.336 JLINK_ReadReg(R15 (PC))
T5F10 008:413.363 - 0.026ms returns 0x0000075A
T5F10 008:413.409 JLINK_ReadReg(XPSR)
T5F10 008:413.438 - 0.029ms returns 0x61000000
T5F10 008:413.466 JLINK_ReadReg(XPSR)
T5F10 008:413.494 - 0.028ms returns 0x61000000
T5F10 008:413.523 JLINK_ReadReg(R15 (PC))
T5F10 008:413.550 - 0.026ms returns 0x0000075A
T5F10 008:413.585 JLINK_ReadReg(XPSR)
T5F10 008:413.613 - 0.027ms returns 0x61000000
T5F10 008:413.640 JLINK_ReadMem(0x0000075A, 0x1 Bytes, ...)
T5F10 008:413.669    -- Read from flash cache (1 bytes @ 0x0000075A)
T5F10 008:413.707   Data:  FF
T5F10 008:413.750 - 0.109ms returns 0
T5F10 008:413.778 JLINK_IsHalted()
T5F10 008:413.804 - 0.026ms returns TRUE
T5F10 008:413.840 JLINK_ReadReg(XPSR)
T5F10 008:413.868 - 0.027ms returns 0x61000000
T5F10 008:413.897 JLINK_ReadReg(XPSR)
T5F10 008:413.923 - 0.026ms returns 0x61000000
T5F10 008:413.951 JLINK_ReadReg(R15 (PC))
T5F10 008:413.978 - 0.026ms returns 0x0000075A
T5F10 008:414.010 JLINK_ReadReg(XPSR)
T5F10 008:414.030 - 0.020ms returns 0x61000000
T5F10 008:414.050 JLINK_ReadMem(0x0000075A, 0x1 Bytes, ...)
T5F10 008:414.070    -- Read from flash cache (1 bytes @ 0x0000075A)
T5F10 008:414.098   Data:  FF
T5F10 008:414.126 - 0.075ms returns 0
T5F10 008:415.283 JLINK_ReadRegs(NumRegs = 22)
T5F10 008:415.351   
  R0 (0)        = 0x00                 R1 (1)        = 0x9D                 R2 (2)        = 0x80                 R3 (3)        = 0x40040800        
  R4 (4)        = 0x200047D4           R5 (5)        = 0x2000482C           R6 (6)        = 0x2000482C           R7 (7)        = 0x200044DC        
  R8 (8)        = 0xBA9FAA57           R9 (9)        = 0xF4BFB265           R10 (10)      = 0xF9CD9F9B           R11 (11)      = 0xFFE0E664        
  R12 (12)      = 0x20004758           R13 (SP) (13) = 0x200043F8           R14 (14)      = 0xA1                 R15 (PC) (15) = 0x75A             
  XPSR (16)     = 0x61000000           MSP (17)      = 0x200043F8           PSP (18)      = 0xC0AFF680           MSPLIM (86)   = 0x00              
  PSPLIM (87)   = 0x00                 CFBP (20)     = 0x00              
T5F10 008:415.381 - 0.098ms returns 0x00
T5F10 008:417.006 JLINK_ReadMem(0x0000075A, 0x4 Bytes, ...)
T5F10 008:417.064    -- Read from flash cache (4 bytes @ 0x0000075A)
T5F10 008:417.087   Data:  FF F7 E5 FF
T5F10 008:417.110 - 0.103ms returns 0
T5F10 008:418.630 JLINK_ClrBPEx(BPHandle = 0x00000002)
T5F10 008:418.699 - 0.068ms returns 0x00
T5268 008:420.439 JLINK_IsHalted()
T5268 008:420.506 - 0.065ms returns TRUE
T5268 008:420.533 JLINK_ReadReg(XPSR)
T5268 008:420.558 - 0.024ms returns 0x61000000
T5268 008:420.576 JLINK_ReadReg(R15 (PC))
T5268 008:420.600 - 0.024ms returns 0x0000075A
T5268 008:420.640 JLINK_ReadReg(XPSR)
T5268 008:420.659 - 0.019ms returns 0x61000000
T5268 008:420.676 JLINK_ReadReg(XPSR)
T5268 008:420.694 - 0.017ms returns 0x61000000
T5268 008:420.712 JLINK_ReadReg(R15 (PC))
T5268 008:420.730 - 0.017ms returns 0x0000075A
T5268 008:420.753 JLINK_ReadReg(XPSR)
T5268 008:420.772 - 0.018ms returns 0x61000000
T5268 008:420.789 JLINK_ReadMem(0x0000075A, 0x1 Bytes, ...)
T5268 008:420.808    -- Read from flash cache (1 bytes @ 0x0000075A)
T5268 008:420.831   Data:  FF
T5268 008:420.854 - 0.065ms returns 0
T5268 008:420.871 JLINK_IsHalted()
T5268 008:420.886 - 0.015ms returns TRUE
T5268 008:420.908 JLINK_ReadReg(XPSR)
T5268 008:420.925 - 0.017ms returns 0x61000000
T5268 008:420.946 JLINK_ReadReg(XPSR)
T5268 008:420.968 - 0.022ms returns 0x61000000
T5268 008:420.986 JLINK_ReadReg(R15 (PC))
T5268 008:421.006 - 0.020ms returns 0x0000075A
T5268 008:421.042 JLINK_ReadReg(XPSR)
T5268 008:421.120 - 0.077ms returns 0x61000000
T5268 008:421.176 JLINK_ReadMem(0x0000075A, 0x1 Bytes, ...)
T5268 008:421.226    -- Read from flash cache (1 bytes @ 0x0000075A)
T5268 008:421.262   Data:  FF
T5268 008:421.314 - 0.138ms returns 0
T5268 008:421.401 JLINK_ReadMem(0xE0001000, 0x4 Bytes, ...)
T5268 008:421.456   CPU_ReadMem(4 bytes @ 0xE0001000)
T5268 008:422.006   Data:  00 00 00 2B
T5268 008:422.094   Debug reg: DWT_CTRL
T5268 008:422.122 - 0.721ms returns 0
T5F10 008:440.712 JLINK_ReadMem(0x0000075A, 0x4 Bytes, ...)
T5F10 008:440.774    -- Read from flash cache (4 bytes @ 0x0000075A)
T5F10 008:440.795   Data:  FF F7 E5 FF
T5F10 008:440.818 - 0.105ms returns 0
T5F10 009:269.402 JLINK_IsHalted()
T5F10 009:270.037 - 0.634ms returns TRUE
T5F10 009:270.085 JLINK_GoEx(MaxEmulInsts = 0, Flags = 0x01)
T5F10 009:270.114   CPU_ReadMem(4 bytes @ 0xE0001000)
T5F10 009:270.606   CPU_WriteMem(4 bytes @ 0xE0002008)
T5F10 009:271.690 - 1.605ms 
T5F10 009:375.094 JLINK_IsHalted()
T5F10 009:375.670 - 0.575ms returns FALSE
T5F10 009:375.735 JLINK_IsHalted()
T5F10 009:376.216 - 0.480ms returns FALSE
T5F10 009:484.122 JLINK_IsHalted()
T5F10 009:484.766 - 0.642ms returns FALSE
T5F10 009:484.837 JLINK_IsHalted()
T5F10 009:485.404 - 0.565ms returns FALSE
T5F10 009:593.314 JLINK_IsHalted()
T5F10 009:593.962 - 0.648ms returns FALSE
T5F10 009:594.058 JLINK_IsHalted()
T5F10 009:594.615 - 0.556ms returns FALSE
T5F10 009:702.587 JLINK_IsHalted()
T5F10 009:703.137 - 0.549ms returns FALSE
T5F10 009:703.220 JLINK_IsHalted()
T5F10 009:703.753 - 0.532ms returns FALSE
T5F10 009:812.082 JLINK_IsHalted()
T5F10 009:812.718 - 0.635ms returns FALSE
T5F10 009:812.819 JLINK_IsHalted()
T5F10 009:814.686 - 1.865ms returns FALSE
T5F10 009:921.745 JLINK_IsHalted()
T5F10 009:922.350 - 0.604ms returns FALSE
T5F10 009:922.422 JLINK_IsHalted()
T5F10 009:924.571 - 2.147ms returns FALSE
T5F10 010:031.462 JLINK_IsHalted()
T5F10 010:031.979 - 0.516ms returns FALSE
T5F10 010:032.031 JLINK_IsHalted()
T5F10 010:032.383 - 0.349ms returns FALSE
T5F10 010:140.160 JLINK_IsHalted()
T5F10 010:140.995 - 0.835ms returns FALSE
T5F10 010:141.095 JLINK_IsHalted()
T5F10 010:141.625 - 0.528ms returns FALSE
T5F10 010:249.818 JLINK_IsHalted()
T5F10 010:250.299 - 0.480ms returns FALSE
T5F10 010:250.347 JLINK_IsHalted()
T5F10 010:252.798 - 2.450ms returns FALSE
T5268 010:271.583 JLINK_IsHalted()
T5268 010:272.291 - 0.706ms returns FALSE
T5268 010:272.352 JLINK_IsHalted()
T5268 010:272.846 - 0.493ms returns FALSE
T5F10 010:359.002 JLINK_IsHalted()
T5F10 010:359.715 - 0.714ms returns FALSE
T5F10 010:359.769 JLINK_IsHalted()
T5F10 010:360.286 - 0.516ms returns FALSE
T5F10 010:468.639 JLINK_IsHalted()
T5F10 010:469.544 - 0.903ms returns FALSE
T5F10 010:469.658 JLINK_IsHalted()
T5F10 010:470.378 - 0.719ms returns FALSE
T5F10 010:578.605 JLINK_IsHalted()
T5F10 010:579.251 - 0.644ms returns FALSE
T5F10 010:579.341 JLINK_IsHalted()
T5F10 010:579.919 - 0.577ms returns FALSE
T5F10 010:686.871 JLINK_IsHalted()
T5F10 010:687.796 - 0.923ms returns FALSE
T5F10 010:687.909 JLINK_IsHalted()
T5F10 010:688.610 - 0.699ms returns FALSE
T5F10 010:796.778 JLINK_IsHalted()
T5F10 010:797.610 - 0.831ms returns FALSE
T5F10 010:797.735 JLINK_IsHalted()
T5F10 010:798.387 - 0.650ms returns FALSE
T5F10 010:905.848 JLINK_IsHalted()
T5F10 010:906.386 - 0.538ms returns FALSE
T5F10 010:906.436 JLINK_IsHalted()
T5F10 010:906.946 - 0.509ms returns FALSE
T5F10 011:016.032 JLINK_IsHalted()
T5F10 011:016.844 - 0.811ms returns FALSE
T5F10 011:016.917 JLINK_IsHalted()
T5F10 011:017.368 - 0.450ms returns FALSE
T5F10 011:124.338 JLINK_IsHalted()
T5F10 011:125.007 - 0.668ms returns FALSE
T5F10 011:125.107 JLINK_IsHalted()
T5F10 011:125.602 - 0.493ms returns FALSE
T5F10 011:234.178 JLINK_IsHalted()
T5F10 011:235.056 - 0.877ms returns FALSE
T5F10 011:235.311 JLINK_IsHalted()
T5F10 011:236.002 - 0.688ms returns FALSE
T5268 011:274.102 JLINK_IsHalted()
T5268 011:274.571 - 0.468ms returns FALSE
T5268 011:274.627 JLINK_IsHalted()
T5268 011:275.066 - 0.439ms returns FALSE
T5F10 011:343.762 JLINK_IsHalted()
T5F10 011:344.455 - 0.692ms returns FALSE
T5F10 011:344.550 JLINK_IsHalted()
T5F10 011:345.170 - 0.618ms returns FALSE
T5F10 011:452.885 JLINK_IsHalted()
T5F10 011:453.546 - 0.660ms returns FALSE
T5F10 011:453.631 JLINK_IsHalted()
T5F10 011:454.105 - 0.473ms returns FALSE
T5F10 011:562.783 JLINK_IsHalted()
T5F10 011:563.700 - 0.916ms returns FALSE
T5F10 011:563.846 JLINK_IsHalted()
T5F10 011:564.513 - 0.665ms returns FALSE
T5F10 011:672.480 JLINK_IsHalted()
T5F10 011:673.098 - 0.616ms returns FALSE
T5F10 011:673.174 JLINK_IsHalted()
T5F10 011:673.666 - 0.490ms returns FALSE
T5F10 011:781.026 JLINK_IsHalted()
T5F10 011:781.718 - 0.692ms returns FALSE
T5F10 011:781.819 JLINK_IsHalted()
T5F10 011:782.354 - 0.533ms returns FALSE
T5F10 011:890.274 JLINK_IsHalted()
T5F10 011:892.272 - 1.998ms returns FALSE
T5F10 011:892.347 JLINK_IsHalted()
T5F10 011:894.262 - 1.913ms returns FALSE
T5F10 011:999.321 JLINK_IsHalted()
T5F10 011:999.922 - 0.600ms returns FALSE
T5F10 011:999.999 JLINK_IsHalted()
T5F10 012:000.522 - 0.522ms returns FALSE
T5F10 012:108.754 JLINK_IsHalted()
T5F10 012:110.813 - 2.058ms returns FALSE
T5F10 012:110.926 JLINK_IsHalted()
T5F10 012:113.149 - 2.216ms returns FALSE
T5F10 012:218.392 JLINK_IsHalted()
T5F10 012:218.842 - 0.450ms returns FALSE
T5F10 012:218.897 JLINK_IsHalted()
T5F10 012:219.371 - 0.474ms returns FALSE
T5268 012:275.320 JLINK_IsHalted()
T5268 012:275.973 - 0.652ms returns FALSE
T5268 012:276.016 JLINK_IsHalted()
T5268 012:276.654 - 0.637ms returns FALSE
T5F10 012:328.439 JLINK_IsHalted()
T5F10 012:328.930 - 0.489ms returns FALSE
T5F10 012:328.974 JLINK_IsHalted()
T5F10 012:329.362 - 0.386ms returns FALSE
T5F10 012:438.015 JLINK_IsHalted()
T5F10 012:438.678 - 0.661ms returns FALSE
T5F10 012:438.712 JLINK_IsHalted()
T5F10 012:439.174 - 0.460ms returns FALSE
T5F10 012:547.013 JLINK_IsHalted()
T5F10 012:547.604 - 0.591ms returns FALSE
T5F10 012:547.677 JLINK_IsHalted()
T5F10 012:548.245 - 0.567ms returns FALSE
T5F10 012:656.019 JLINK_IsHalted()
T5F10 012:657.000 - 0.980ms returns FALSE
T5F10 012:657.151 JLINK_IsHalted()
T5F10 012:657.846 - 0.693ms returns FALSE
T5F10 012:766.931 JLINK_IsHalted()
T5F10 012:767.714 - 0.782ms returns FALSE
T5F10 012:767.823 JLINK_IsHalted()
T5F10 012:768.414 - 0.589ms returns FALSE
T5F10 012:875.450 JLINK_IsHalted()
T5F10 012:876.224 - 0.774ms returns FALSE
T5F10 012:876.318 JLINK_IsHalted()
T5F10 012:876.827 - 0.508ms returns FALSE
T5F10 012:984.801 JLINK_IsHalted()
T5F10 012:985.356 - 0.554ms returns FALSE
T5F10 012:985.403 JLINK_IsHalted()
T5F10 012:985.854 - 0.450ms returns FALSE
T5F10 013:094.130 JLINK_IsHalted()
T5F10 013:095.060 - 0.928ms returns FALSE
T5F10 013:095.208 JLINK_IsHalted()
T5F10 013:095.935 - 0.725ms returns FALSE
T5F10 013:203.320 JLINK_IsHalted()
T5F10 013:204.236 - 0.915ms returns FALSE
T5F10 013:204.387 JLINK_IsHalted()
T5F10 013:205.066 - 0.677ms returns FALSE
T5268 013:276.642 JLINK_IsHalted()
T5268 013:277.122 - 0.479ms returns FALSE
T5268 013:277.180 JLINK_IsHalted()
T5268 013:277.570 - 0.389ms returns FALSE
T5F10 013:312.026 JLINK_IsHalted()
T5F10 013:312.692 - 0.665ms returns FALSE
T5F10 013:312.780 JLINK_IsHalted()
T5F10 013:313.346 - 0.564ms returns FALSE
T5F10 013:421.984 JLINK_IsHalted()
T5F10 013:422.618 - 0.632ms returns FALSE
T5F10 013:422.672 JLINK_IsHalted()
T5F10 013:423.226 - 0.554ms returns FALSE
T5F10 013:531.126 JLINK_IsHalted()
T5F10 013:531.739 - 0.611ms returns FALSE
T5F10 013:531.790 JLINK_IsHalted()
T5F10 013:532.181 - 0.389ms returns FALSE
T5F10 013:640.469 JLINK_IsHalted()
T5F10 013:641.150 - 0.681ms returns FALSE
T5F10 013:641.198 JLINK_IsHalted()
T5F10 013:641.715 - 0.516ms returns FALSE
T5F10 013:749.962 JLINK_IsHalted()
T5F10 013:750.691 - 0.728ms returns FALSE
T5F10 013:750.805 JLINK_IsHalted()
T5F10 013:751.330 - 0.523ms returns FALSE
T5F10 013:858.923 JLINK_IsHalted()
T5F10 013:859.659 - 0.734ms returns FALSE
T5F10 013:859.741 JLINK_IsHalted()
T5F10 013:860.397 - 0.654ms returns FALSE
T5F10 013:969.347 JLINK_IsHalted()
T5F10 013:970.029 - 0.680ms returns FALSE
T5F10 013:970.134 JLINK_IsHalted()
T5F10 013:970.712 - 0.576ms returns FALSE
T5F10 014:078.267 JLINK_IsHalted()
T5F10 014:078.906 - 0.638ms returns FALSE
T5F10 014:079.011 JLINK_IsHalted()
T5F10 014:081.181 - 2.168ms returns FALSE
T6BC8 014:644.715 JLINK_Halt()
T6BC8 014:647.890 - 3.175ms returns 0x00
T6BC8 014:647.971 JLINK_ReadReg(XPSR)
T6BC8 014:648.414   CPU_ReadMem(4 bytes @ 0xE000EE08)
T6BC8 014:648.870 - 0.914ms returns 0x21000000
T6BC8 014:649.738 JLINK_Close()
T6BC8 014:650.946   OnDisconnectTarget() start
T6BC8 014:650.994    J-Link Script File: Executing OnDisconnectTarget()
T6BC8 014:651.016   Restoring low power mode settings.
T6BC8 014:654.704   OnDisconnectTarget() end - Took 3.70ms
T6BC8 014:673.491 - 23.752ms
T6BC8 014:673.578   
T6BC8 014:673.608   Closed
