T60F4 000:002.972   SEGGER J-Link V9.42 Log File
T60F4 000:003.154   DLL Compiled: May  6 2026 12:25:27
T60F4 000:003.171   Logging started @ 2026-08-11 22:34
T60F4 000:003.187   Process: C:\Users\a5132247\.eclipse\com.renesas.platform_1584587709\DebugComp\RA\e2-server-gdb.exe
T60F4 000:003.207 - 3.202ms 
T60F4 000:003.232 JLINK_GetDLLVersion()
T60F4 000:003.248 - 0.017ms returns 94200
T60F4 000:010.906 JLINK_OpenEx(...)
T60F4 000:022.402   Firmware: J-Link OB-RA4M2 compiled Dec 10 2025 15:52:53
T60F4 000:023.417   Firmware: J-Link OB-RA4M2 compiled Dec 10 2025 15:52:53
T60F4 000:038.109   Hardware: V1.00
T60F4 000:038.164   S/N: 1083797284
T60F4 000:038.188   OEM: SEGGER
T60F4 000:038.216   Feature(s): None
T60F4 000:039.322   Bootloader: 2021 May 14
T60F4 000:040.316   USB speed mode: Full speed (12 MBit/s)
T60F4 000:040.927   TELNET listener socket opened on port 19021
T60F4 000:041.313   WEBSRV WEBSRV_Init(): Starting webserver thread(s)
T60F4 000:041.722   WEBSRV Webserver running on local port 19080
T60F4 000:042.019   Looking for J-Link GUI Server exe at: C:\Users\a5132247\.eclipse\com.renesas.platform_1584587709\DebugComp\RA\ARM\Segger_v9.42.0\JLinkGUIServer.exe
T60F4 000:042.396   Looking for J-Link GUI Server exe at: \JLinkGUIServer.exe
T60F4 000:346.283   Failed to connect to J-Link GUI Server.
T60F4 000:346.377 - 335.466ms returns "O.K."
T60F4 000:346.662 JLINK_ExecCommand("ProjectFile=C:\Users\a5132247\e2studio\pes_servo\Servo_Motor_FPB_RA2E3/Servo_Motor_FPB_RA2E3.elf.jlink", ...). 
T60F4 000:368.855 - 22.194ms returns 0x00
T60F4 000:369.299 JLINK_ExecCommand("device=R7FA2E307", ...). 
T60F4 000:370.060   Flash bank @ 0x01010010: SFL: Parsing sectorization info from ELF file
T60F4 000:370.134     FlashDevice.SectorInfo[0]: .SectorSize = 0x00000024, .SectorStartAddr = 0x00000000
T60F4 000:370.164   FlashBank @0x01010010: Sectorization info from SFL ELF file ignored because sectorization override from DLL / XML file is active.
T60F4 000:370.253   Device "R7FA2E307" selected.
T60F4 000:371.403 - 2.103ms returns 0x00
T60F4 000:371.448 JLINK_ExecCommand("SetCPUConnectIDCODE = FFFFFFFFFFFFFFFFFFFFFFFFFFFFFFFF", ...). 
T60F4 000:371.469 - 0.021ms returns 0x00
T60F4 000:371.498 JLINK_TIF_GetAvailable(...)
T60F4 000:371.819 - 0.321ms 
T60F4 000:371.857 JLINK_TIF_Select(JLINKARM_TIF_SWD)
T60F4 000:372.903 - 1.048ms returns 0x00
T60F4 000:372.952 JLINK_SetSpeed(4000)
T60F4 000:373.137 - 0.186ms 
T60F4 000:373.185 JLINK_SetEndian(ARM_ENDIAN_LITTLE)
T60F4 000:373.202 - 0.017ms returns 0
T60F4 000:373.221 JLINK_SetInitRegsOnReset(OFF)
T60F4 000:373.244 - 0.023ms returns 1
T60F4 000:373.262 JLINK_SetResetType(JLINKARM_RESET_TYPE_NO_RESET)
T60F4 000:373.278 - 0.016ms returns JLINKARM_RESET_TYPE_NORMAL
T60F4 000:373.295 JLINK_ExecCommand("EnableFlashBPs", ...). 
T60F4 000:373.313 - 0.017ms returns 0x00
T60F4 000:373.334 JLINK_ExecCommand("SetAllowFlashCache = 1", ...). 
T60F4 000:373.351 - 0.017ms returns 0x01
T60F4 000:373.369 JLINK_ExecCommand("SetRestartOnClose = 0", ...). 
T60F4 000:373.386 - 0.017ms returns 0x01
T60F4 000:373.404 JLINK_ExecCommand("SetAllowSimulation = 0", ...). 
T60F4 000:373.420 - 0.017ms returns 0x01
T60F4 000:373.438 JLINK_EnableSoftBPs(ON)
T60F4 000:373.454 - 0.017ms 
T60F4 000:373.472 JLINK_Connect()
T60F4 000:374.331   InitTarget() start
T60F4 000:374.403    J-Link Script File: Executing InitTarget()
T60F4 000:374.434   Identifying target device...
T60F4 000:374.469   SWD selected. Executing JTAG -> SWD switching sequence...
T60F4 000:375.214   Initializing DAP...
T60F4 000:376.867   DAP initialized successfully.
T60F4 000:379.068   Low power mode detected. Waking device from low power mode.
T60F4 000:382.789   InitTarget() end - Took 8.38ms
T60F4 000:385.033   Found SW-DP with ID 0x5BA02477
T60F4 000:387.125   DPIDR: 0x5BA02477
T60F4 000:387.190   CoreSight SoC-400 or earlier
T60F4 000:387.220   Scanning AP map to find all available APs
T60F4 000:388.162   AP[2]: Stopped AP scan as end of AP map has been reached
T60F4 000:388.208   AP[0]: AHB-AP (IDR: 0x74770001, ADDR: 0x00000000)
T60F4 000:388.280   AP[1]: APB-AP (IDR: 0x44770002, ADDR: 0x01000000)
T60F4 000:388.305   Iterating through AP map to find AHB-AP to use
T60F4 000:389.064   AP[0]: Core found
T60F4 000:389.099   AP[0]: AHB-AP ROM base: 0x4001A000
T60F4 000:389.590   CPUID register: 0x411CD200. Implementer code: 0x41 (ARM)
T60F4 000:389.616   Feature set: Baseline
T60F4 000:390.061   Cache: No cache
T60F4 000:390.089   Found Cortex-M23 r1p0, Little endian.
T60F4 000:390.454   -- Max. mem block: 0x0001D908
T60F4 000:390.957   CPU_ReadMem(4 bytes @ 0xE000EDF0)
T60F4 000:391.455   CPU_ReadMem(4 bytes @ 0xE0002000)
T60F4 000:391.735   FPUnit: 4 code (BP) slots and 0 literal slots
T60F4 000:391.762   CPU_ReadMem(4 bytes @ 0xE000EDFC)
T60F4 000:392.029   CPU_ReadMem(4 bytes @ 0xE0001000)
T60F4 000:392.301   CPU_ReadMem(4 bytes @ 0xE0001000)
T60F4 000:392.573   CPU_ReadMem(4 bytes @ 0xE0001028)
T60F4 000:392.841   CPU_ReadMem(4 bytes @ 0xE0001038)
T60F4 000:393.113   CPU_WriteMem(4 bytes @ 0xE0001000)
T60F4 000:393.383   CPU_ReadMem(4 bytes @ 0xE000ED88)
T60F4 000:393.651   CPU_WriteMem(4 bytes @ 0xE000ED88)
T60F4 000:393.921   CPU_ReadMem(4 bytes @ 0xE000ED88)
T60F4 000:394.188   CPU_WriteMem(4 bytes @ 0xE000ED88)
T60F4 000:394.459   CPU_ReadMem(4 bytes @ 0xE000EFB8)
T60F4 000:394.727   Security extension: not implemented
T60F4 000:394.752   CoreSight components:
T60F4 000:394.775   ROMTbl[0] @ 4001A000
T60F4 000:394.799   CPU_ReadMem(64 bytes @ 0x4001A000)
T60F4 000:395.493   CPU_ReadMem(32 bytes @ 0xE000EFE0)
T60F4 000:396.029   CPU_ReadMem(4 bytes @ 0xE000EFBC)
T60F4 000:396.413   CPU_ReadMem(4 bytes @ 0xE000EFCC)
T60F4 000:396.715   [0][0]: E000E000 CID B105900D PID 000BBD20 DEVARCH 47702A04 DEVTYPE 00 Cortex-M23
T60F4 000:396.747   CPU_ReadMem(32 bytes @ 0xE0001FE0)
T60F4 000:397.222   CPU_ReadMem(4 bytes @ 0xE0001FBC)
T60F4 000:397.558   CPU_ReadMem(4 bytes @ 0xE0001FCC)
T60F4 000:397.836   [0][1]: E0001000 CID B105900D PID 000BBD20 DEVARCH 47701A02 DEVTYPE 00 DWT
T60F4 000:397.864   CPU_ReadMem(32 bytes @ 0xE0002FE0)
T60F4 000:398.366   CPU_ReadMem(4 bytes @ 0xE0002FBC)
T60F4 000:398.657   CPU_ReadMem(4 bytes @ 0xE0002FCC)
T60F4 000:398.944   [0][2]: E0002000 CID B105900D PID 000BBD20 DEVARCH 47701A03 DEVTYPE 00 FPB
T60F4 000:398.971   CPU_ReadMem(32 bytes @ 0x40019FE0)
T60F4 000:399.469   CPU_ReadMem(4 bytes @ 0x40019FBC)
T60F4 000:399.771   CPU_ReadMem(4 bytes @ 0x40019FCC)
T60F4 000:400.043   [0][3]: 40019000 CID B105900D PID 000BBD20 DEVARCH 47710A31 DEVTYPE 31 MTB
T60F4 000:400.086 - 26.613ms returns 0x00
T60F4 000:400.111 JLINK_Halt()
T60F4 000:402.672 - 2.559ms returns 0x00
T60F4 000:402.726 JLINK_IsHalted()
T60F4 000:402.747 - 0.020ms returns TRUE
T60F4 000:402.768 JLINK_ResetPullsRESET(ON)
T60F4 000:402.784 - 0.016ms 
T60F4 000:402.803 JLINK_Reset()
T60F4 000:402.830   JLINK_GetResetTypeDesc
T60F4 000:402.846   - 0.016ms 
T60F4 000:402.862   Reset type: CONNECT UNDER RESET (https://kb.segger.com/J-Link_Reset_Strategies)
T60F4 000:402.883   CPU_WriteMem(4 bytes @ 0xE000EDF0)
T60F4 000:403.183   CPU_ReadMem(4 bytes @ 0xE000ED44)
T60F4 000:403.515   CPU_WriteMem(4 bytes @ 0xE000EDFC)
T60F4 000:403.804   Reset: Halt core after reset via DEMCR.VC_CORERESET.
T60F4 000:404.136   Reset: Reset device via AIRCR.SYSRESETREQ.
T60F4 000:404.167   CPU_WriteMem(4 bytes @ 0xE000ED0C)
T60F4 000:457.204   CPU_ReadMem(4 bytes @ 0xE000EDF0)
T60F4 000:457.604   CPU_ReadMem(4 bytes @ 0xE000EDF0)
T60F4 000:457.977   CPU_WriteMem(4 bytes @ 0xE000EDFC)
T60F4 000:463.941   CPU_ReadMem(4 bytes @ 0xE000EDF0)
T60F4 000:467.647   CPU_WriteMem(4 bytes @ 0xE0002000)
T60F4 000:468.129   CPU_ReadMem(4 bytes @ 0xE000EDFC)
T60F4 000:468.523   CPU_ReadMem(4 bytes @ 0xE0001000)
T60F4 000:468.915   CPU_WriteMem(4 bytes @ 0xE0001000)
T60F4 000:469.419   CPU_ReadMem(4 bytes @ 0xE000EE08)
T60F4 000:469.814 - 67.010ms 
T60F4 000:470.710 JLINK_IsHalted()
T60F4 000:470.772 - 0.061ms returns TRUE
T60F4 000:471.245 JLINK_IsHalted()
T60F4 000:471.289 - 0.043ms returns TRUE
T60F4 000:471.321 JLINK_MeasureCPUSpeed(RAMAddr = 0xFFFFFFFF)
T60F4 000:471.351   CPU_ReadMem(16 bytes @ 0x20004000)
T60F4 000:471.861   CPU_ReadMem(64 bytes @ 0x20004000)
T60F4 000:472.748    -- Updating C cache (64 bytes @ 0x20004000)
T60F4 000:472.801    -- Read from C cache (6 bytes @ 0x20004000)
T60F4 000:472.828   CPU_ReadMem(4 bytes @ 0x40019004)
T60F4 000:473.246   CPU_ReadMem(4 bytes @ 0xE000ED90)
T60F4 000:473.646   CPU_WriteMem(16 bytes @ 0x20004000)
T60F4 000:474.067   CPU_WriteMem(6 bytes @ 0x20004000)
T60F4 000:474.491   CPU_ReadMem(64 bytes @ 0x20004000)
T60F4 000:475.190    -- Updating C cache (64 bytes @ 0x20004000)
T60F4 000:475.256    -- Read from C cache (6 bytes @ 0x20004000)
T60F4 000:475.289   CPU_ReadMem(4 bytes @ 0xE000EE08)
T60F4 000:475.668   CPU_WriteMem(4 bytes @ 0xE0002008)
T60F4 000:475.719   CPU_WriteMem(4 bytes @ 0xE000200C)
T60F4 000:475.744   CPU_WriteMem(4 bytes @ 0xE0002010)
T60F4 000:475.767   CPU_WriteMem(4 bytes @ 0xE0002014)
T60F4 000:481.411   CPU_WriteMem(4 bytes @ 0xE0002008)
T60F4 000:481.824   CPU_WriteMem(4 bytes @ 0xE000200C)
T60F4 000:482.138   CPU_WriteMem(4 bytes @ 0xE0002010)
T60F4 000:482.452   CPU_WriteMem(4 bytes @ 0xE0002014)
T60F4 000:482.724   CPU_ReadMem(4 bytes @ 0xE000EE08)
T60F4 000:483.004   CPU_ReadMem(4 bytes @ 0xE000EE08)
T60F4 000:483.285   CPU_ReadMem(4 bytes @ 0xE000EE08)
T60F4 000:508.892   CPU_WriteMem(6 bytes @ 0x20004000)
T60F4 000:509.549   ClockFreq: 3003300 Hz
T60F4 000:509.620 - 38.298ms returns 3003300
T60F4 000:509.654 JLINK_ReadReg(XPSR)
T60F4 000:509.677   CPU_ReadMem(4 bytes @ 0xE000EE08)
T60F4 000:510.101 - 0.446ms returns 0x41000000
T0660 002:751.632 JLINK_ResetPullsRESET(ON)
T0660 002:751.737 - 0.105ms 
T0660 002:751.764 JLINK_Halt()
T0660 002:752.196 - 0.431ms returns 0x00
T0660 002:752.254 JLINK_IsHalted()
T0660 002:752.272 - 0.018ms returns TRUE
T0660 002:752.289 JLINK_Reset()
T0660 002:752.313   CPU_ReadMem(4 bytes @ 0x20004000)
T0660 002:752.634   CPU_WriteMem(4 bytes @ 0x20004000)
T0660 002:752.982   JLINK_GetResetTypeDesc
T0660 002:753.008   - 0.025ms 
T0660 002:753.024   Reset type: CONNECT UNDER RESET (https://kb.segger.com/J-Link_Reset_Strategies)
T0660 002:753.042   CPU_WriteMem(4 bytes @ 0xE000EDF0)
T0660 002:753.364   CPU_ReadMem(4 bytes @ 0xE000ED44)
T0660 002:753.664   CPU_WriteMem(4 bytes @ 0xE000EDFC)
T0660 002:753.995   Reset: Halt core after reset via DEMCR.VC_CORERESET.
T0660 002:754.424   Reset: Reset device via AIRCR.SYSRESETREQ.
T0660 002:754.486   CPU_WriteMem(4 bytes @ 0xE000ED0C)
T0660 002:807.495   CPU_ReadMem(4 bytes @ 0xE000EDF0)
T0660 002:807.885   CPU_ReadMem(4 bytes @ 0xE000EDF0)
T0660 002:808.291   CPU_WriteMem(4 bytes @ 0xE000EDFC)
T0660 002:814.133   CPU_ReadMem(4 bytes @ 0xE000EDF0)
T0660 002:817.443   CPU_WriteMem(4 bytes @ 0xE0002000)
T0660 002:817.962   CPU_ReadMem(4 bytes @ 0xE000EDFC)
T0660 002:818.368   CPU_ReadMem(4 bytes @ 0xE0001000)
T0660 002:818.835   CPU_WriteMem(4 bytes @ 0xE0001000)
T0660 002:819.276   CPU_ReadMem(4 bytes @ 0xE000EE08)
T0660 002:819.644 - 67.354ms 
T0660 002:819.700 JLINK_SetEndian(ARM_ENDIAN_LITTLE)
T0660 002:819.735 - 0.034ms returns 0
T0660 002:820.616 JLINK_BeginDownload(Flags = 0x00000000)
T0660 002:820.676 - 0.059ms 
T0660 002:848.792 JLINK_WriteMem(0x00000000, 0x40 Bytes, ...)
T0660 002:848.866   Data:  00 44 00 20 99 00 00 00 FD 0E 00 00 15 10 00 00 ...
T0660 002:849.086   completely In flash
T0660 002:849.124 - 0.381ms returns 0x40
T0660 002:849.770 JLINK_WriteMem(0x00000040, 0x154 Bytes, ...)
T0660 002:849.852   Data:  02 00 00 00 50 00 00 00 03 00 00 00 68 00 00 00 ...
T0660 002:849.895   completely In flash
T0660 002:849.933 - 0.180ms returns 0x154
T0660 002:850.790 JLINK_WriteMem(0x00000400, 0x4 Bytes, ...)
T0660 002:850.840   Data:  FF FF FF FF
T0660 002:850.883   completely In flash
T0660 002:850.920 - 0.130ms returns 0x4
T0660 002:851.684 JLINK_WriteMem(0x00000404, 0x4 Bytes, ...)
T0660 002:851.729   Data:  DF CF FF FF
T0660 002:851.769   completely In flash
T0660 002:851.805 - 0.121ms returns 0x4
T0660 002:852.462 JLINK_WriteMem(0x00000440, 0xBD0 Bytes, ...)
T0660 002:852.502   Data:  F8 B5 04 46 02 20 74 B1 69 B1 20 78 38 B1 A8 20 ...
T0660 002:852.530   completely In flash
T0660 002:852.559 - 0.097ms returns 0xBD0
T0660 002:853.115 JLINK_WriteMem(0x00001010, 0x766 Bytes, ...)
T0660 002:853.174   Data:  00 63 00 40 00 BE 70 47 70 47 B0 B5 51 43 43 43 ...
T0660 002:853.206   completely In flash
T0660 002:853.232 - 0.116ms returns 0x766
T0660 002:878.776 JLINK_EndDownload()
T0660 002:880.388   HandleBeforeFlashProg() start
T0660 002:880.441    J-Link Script File: Executing HandleBeforeFlashProg()
T0660 002:880.469   CPU_ReadMem(2 bytes @ 0x40000D04)
T0660 002:880.887   CPU_ReadMem(2 bytes @ 0x40000D14)
T0660 002:881.234   HandleBeforeFlashProg() end - Took 791us
T0660 002:881.267   CPU_ReadMem(4 bytes @ 0x40019004)
T0660 002:881.608   CPU_ReadMem(4 bytes @ 0xE000ED90)
T0660 002:881.961    -- --------------------------------------
T0660 002:881.999    -- Flash bank @ 0x00000000: Default: L2 verify disabled because algorithm performs L1 verify
T0660 002:882.026    -- Start of determining dirty areas in flash cache
T0660 002:882.053    -- Filling invalid ranges in sector buffer (flash cache) for sector @ 0x00000000 if necessary
T0660 002:882.080    -- Filling invalid ranges in sector buffer (flash cache) for sector @ 0x00000800 if necessary
T0660 002:882.153    -- Filling invalid ranges in sector buffer (flash cache) for sector @ 0x00001000 if necessary
T0660 002:882.192    -- End of determining dirty areas
T0660 002:882.219    -- Start of preparing flash programming
T0660 002:882.248    -- Calculating RAM usage
T0660 002:882.323    -- RAM usage = 3284 Bytes
T0660 002:882.356    -- Preserving CPU registers
T0660 002:882.768    -- Determining CPU clock frequency
T0660 002:919.314    -- Preparing target
T0660 002:919.973    -- Preserving target RAM temporarily used for programming
T0660 002:936.887    -- Downloading RAMCode
T0660 002:958.757    -- Preparing RAMCode
T0660 002:968.220    -- CPU frequency = 3003 kHz
T0660 002:968.297    -- End of preparing flash programming
T0660 002:968.337   
  ***** Warning: 
T0660 002:968.362   CPU is running at low speed (3003 kHz).
T0660 002:968.386    -- CPU is running at 3003 kHz.
T0660 002:968.412    -- Start of comparing flash
T0660 002:968.438    -- CRC check was estimated as fastest method
T0660 002:968.467    -- Comparing range 0x0000 - 0x17FF (3 Sectors, 6 KB), using multi-block CRC calculation
T0660 003:004.649    -- All CRCs match
T0660 003:004.717    -- Comparing range 0x0000 - 0x17FF (3 Sectors, 6 KB), using alternative multi-block CRC calculation
T0660 003:040.854    -- All CRCs match
T0660 003:040.953    -- End of comparing flash
T0660 003:040.982    -- Start of erasing sectors
T0660 003:041.006    -- End of erasing sectors
T0660 003:041.030    -- Start of flash programming
T0660 003:041.055    -- End of flash programming
T0660 003:041.080    -- Start of restoring
T0660 003:041.107    -- Restoring RAMCode
T0660 003:044.913    -- Restoring target memory
T0660 003:058.953    -- Restore target
T0660 003:059.060    -- Restoring CPU registers
T0660 003:059.595    -- End of restoring
T0660 003:059.649    -- Bank 1 @ 0x00000000: Skipped. Contents already match
T0660 003:059.674    -- Bank 1 @ 0x00000000: Skipped. Contents already match
T0660 003:059.701   HandleAfterFlashProg() start
T0660 003:059.724    J-Link Script File: Executing HandleAfterFlashProg()
T0660 003:059.740   HandleAfterFlashProg() end - Took 16us
T0660 003:062.022 - 183.246ms returns 0 (0x0)
T0660 003:063.457 JLINK_WriteReg(R15 (PC), 0x00000098)
T0660 003:063.519 - 0.061ms returns 0
T0660 003:063.536 JLINK_WriteReg(XPSR, 0x01000000)
T0660 003:063.552 - 0.015ms returns 0
T0660 003:064.682 JLINK_ResetPullsRESET(ON)
T0660 003:064.746 - 0.064ms 
T0660 003:064.764 JLINK_Halt()
T0660 003:064.785 - 0.020ms returns 0x00
T0660 003:064.816 JLINK_IsHalted()
T0660 003:064.833 - 0.016ms returns TRUE
T0660 003:064.860 JLINK_Reset()
T0660 003:064.935   CPU_ReadMem(4 bytes @ 0x20004000)
T0660 003:065.385   CPU_WriteMem(4 bytes @ 0x20004000)
T0660 003:065.867   JLINK_GetResetTypeDesc
T0660 003:065.922   - 0.054ms 
T0660 003:065.939   Reset type: CONNECT UNDER RESET (https://kb.segger.com/J-Link_Reset_Strategies)
T0660 003:065.958   CPU_WriteMem(4 bytes @ 0xE000EDF0)
T0660 003:066.415   CPU_ReadMem(4 bytes @ 0xE000ED44)
T0660 003:066.835   CPU_WriteMem(4 bytes @ 0xE000EDFC)
T0660 003:067.265   Reset: Halt core after reset via DEMCR.VC_CORERESET.
T0660 003:067.707   Reset: Reset device via AIRCR.SYSRESETREQ.
T0660 003:067.754   CPU_WriteMem(4 bytes @ 0xE000ED0C)
T0660 003:121.200   CPU_ReadMem(4 bytes @ 0xE000EDF0)
T0660 003:121.648   CPU_ReadMem(4 bytes @ 0xE000EDF0)
T0660 003:122.180   CPU_WriteMem(4 bytes @ 0xE000EDFC)
T0660 003:128.067   CPU_ReadMem(4 bytes @ 0xE000EDF0)
T0660 003:131.526   CPU_WriteMem(4 bytes @ 0xE0002000)
T0660 003:131.975   CPU_ReadMem(4 bytes @ 0xE000EDFC)
T0660 003:132.444   CPU_ReadMem(4 bytes @ 0xE0001000)
T0660 003:133.025   CPU_WriteMem(4 bytes @ 0xE0001000)
T0660 003:133.517   CPU_ReadMem(4 bytes @ 0xE000EE08)
T0660 003:133.985 - 69.124ms 
T0660 003:134.029 JLINK_SetEndian(ARM_ENDIAN_LITTLE)
T0660 003:134.046 - 0.017ms returns 0
T0660 003:169.024 JLINK_ReadMem(0x00000098, 0x4 Bytes, ...)
T0660 003:169.140    -- Read from flash cache (4 bytes @ 0x00000098)
T0660 003:169.164   Data:  00 F0 04 F8
T0660 003:169.188 - 0.164ms returns 0
T0660 003:174.342 JLINK_ReadMem(0x00000098, 0x4 Bytes, ...)
T0660 003:174.437    -- Read from flash cache (4 bytes @ 0x00000098)
T0660 003:174.464   Data:  00 F0 04 F8
T0660 003:174.502 - 0.160ms returns 0
T0660 003:179.405 JLINK_ReadMem(0x0000046C, 0x2 Bytes, ...)
T0660 003:179.468    -- Read from flash cache (2 bytes @ 0x0000046C)
T0660 003:179.494   Data:  40 F2
T0660 003:179.518 - 0.112ms returns 0
T0660 003:179.876 JLINK_ReadMem(0x0000046C, 0x2 Bytes, ...)
T0660 003:179.902    -- Read from flash cache (2 bytes @ 0x0000046C)
T0660 003:179.927   Data:  40 F2
T0660 003:179.952 - 0.075ms returns 0
T0660 003:180.469 JLINK_GetNumBPUnits(Type = 0xFFFFFF00)
T0660 003:180.516 - 0.046ms returns 0x04
T0660 003:180.534 JLINK_GetNumWPUnits()
T0660 003:180.553 - 0.019ms returns 2
T0660 003:180.576 JLINK_GetNumBPUnits(Type = 0xFFFFFF00)
T0660 003:180.595 - 0.018ms returns 0x04
T0660 003:180.611 JLINK_GetNumWPUnits()
T0660 003:180.626 - 0.015ms returns 2
T0660 003:180.646 JLINK_GetNumBPUnits(Type = 0xFFFFFF00)
T0660 003:180.662 - 0.016ms returns 0x04
T0660 003:180.678 JLINK_GetNumWPUnits()
T0660 003:180.694 - 0.015ms returns 2
T0660 003:180.737 JLINK_SetBPEx(Addr = 0x0000046C, Type = 0xFFFFFF00)
T0660 003:180.756 - 0.019ms returns 0x00000001
T0660 004:278.363 JLINK_ClrBPEx(BPHandle = 0x00000001)
T0660 004:278.759 - 0.395ms returns 0x00
T0660 004:278.807 JLINK_SetBPEx(Addr = 0x0000046C, Type = 0xFFFFFF00)
T0660 004:278.829 - 0.022ms returns 0x00000002
T0660 004:278.847 JLINK_SetBPEx(Addr = 0x0000075C, Type = 0xFFFFFF00)
T0660 004:278.864 - 0.017ms returns 0x00000003
T0660 004:278.885 JLINK_ClrBPEx(BPHandle = 0x00000002)
T0660 004:278.902 - 0.017ms returns 0x00
T0660 004:278.919 JLINK_ClrBPEx(BPHandle = 0x00000003)
T0660 004:278.938 - 0.018ms returns 0x00
T0660 004:278.957 JLINK_SetBPEx(Addr = 0x0000046C, Type = 0xFFFFFF00)
T0660 004:278.976 - 0.018ms returns 0x00000004
T0660 004:294.579 JLINK_ReadMem(0x0000075E, 0x2 Bytes, ...)
T0660 004:294.655    -- Read from flash cache (2 bytes @ 0x0000075E)
T0660 004:294.694   Data:  FF F7
T0660 004:294.737 - 0.159ms returns 0
T0660 004:295.325 JLINK_ClrBPEx(BPHandle = 0x00000004)
T0660 004:295.370 - 0.044ms returns 0x00
T0660 004:295.397 JLINK_SetBPEx(Addr = 0x0000046C, Type = 0xFFFFFF00)
T0660 004:295.416 - 0.019ms returns 0x00000005
T0660 004:295.433 JLINK_SetBPEx(Addr = 0x0000075E, Type = 0xFFFFFF00)
T0660 004:295.450 - 0.016ms returns 0x00000006
T0660 004:389.837 JLINK_ReadRegs(NumRegs = 22)
T0660 004:389.941   CPU_ReadMem(4 bytes @ 0xE000EE08)
T0660 004:390.455   
  R0 (0)        = 0x00                 R1 (1)        = 0x40044400           R2 (2)        = 0x00                 R3 (3)        = 0x00              
  R4 (4)        = 0x200047D4           R5 (5)        = 0x200047F4           R6 (6)        = 0x200047F4           R7 (7)        = 0x407EFFC4        
  R8 (8)        = 0x4CC120B7           R9 (9)        = 0x15259D6F           R10 (10)      = 0x74DE117B           R11 (11)      = 0xA349EC04        
  R12 (12)      = 0x20004758           R13 (SP) (13) = 0x20004400           R14 (14)      = 0x2000432F           R15 (PC) (15) = 0x98              
  XPSR (16)     = 0x61000000           MSP (17)      = 0x20004400           PSP (18)      = 0x3F2F258C           MSPLIM (86)   = 0x00              
  PSPLIM (87)   = 0x00                 CFBP (20)     = 0x00              
T0660 004:390.609 - 0.772ms returns 0x00
T0660 004:392.202 JLINK_ReadMem(0x00000098, 0x4 Bytes, ...)
T0660 004:392.280    -- Read from flash cache (4 bytes @ 0x00000098)
T0660 004:392.312   Data:  00 F0 04 F8
T0660 004:392.340 - 0.139ms returns 0
T416C 004:465.156 JLINK_GetNumBPUnits(Type = 0xFFFFFF00)
T416C 004:465.235 - 0.079ms returns 0x04
T416C 004:465.268 JLINK_GetNumWPUnits()
T416C 004:465.295 - 0.026ms returns 2
T416C 004:466.164 JLINK_GetNumBPUnits(Type = 0xFFFFFF00)
T416C 004:466.233 - 0.070ms returns 0x04
T416C 004:466.258 JLINK_GetNumWPUnits()
T416C 004:466.277 - 0.018ms returns 2
T416C 004:467.537 JLINK_GetNumBPUnits(Type = 0xFFFFFF00)
T416C 004:467.602 - 0.065ms returns 0x04
T416C 004:467.622 JLINK_GetNumWPUnits()
T416C 004:467.641 - 0.018ms returns 2
T416C 004:468.431 JLINK_GetNumBPUnits(Type = 0xFFFFFF00)
T416C 004:468.501 - 0.070ms returns 0x04
T416C 004:468.531 JLINK_GetNumWPUnits()
T416C 004:468.556 - 0.024ms returns 2
T416C 004:469.141 JLINK_GetNumBPUnits(Type = 0xFFFFFF00)
T416C 004:469.193 - 0.052ms returns 0x04
T416C 004:469.224 JLINK_GetNumWPUnits()
T416C 004:469.255 - 0.031ms returns 2
T416C 004:469.699 JLINK_GetNumBPUnits(Type = 0xFFFFFF00)
T416C 004:469.759 - 0.060ms returns 0x04
T416C 004:469.783 JLINK_GetNumWPUnits()
T416C 004:469.802 - 0.018ms returns 2
T416C 004:470.121 JLINK_GetNumBPUnits(Type = 0xFFFFFF00)
T416C 004:470.174 - 0.053ms returns 0x04
T416C 004:470.207 JLINK_GetNumWPUnits()
T416C 004:470.239 - 0.031ms returns 2
T416C 004:470.714 JLINK_GetNumBPUnits(Type = 0xFFFFFF00)
T416C 004:470.758 - 0.044ms returns 0x04
T416C 004:470.781 JLINK_GetNumWPUnits()
T416C 004:470.799 - 0.018ms returns 2
T0660 005:252.493 JLINK_ReadMem(0x00000098, 0x4 Bytes, ...)
T0660 005:252.579    -- Read from flash cache (4 bytes @ 0x00000098)
T0660 005:252.615   Data:  00 F0 04 F8
T0660 005:252.649 - 0.156ms returns 0
T0660 007:998.884 JLINK_ClrBPEx(BPHandle = 0x00000005)
T0660 007:999.375 - 0.491ms returns 0x00
T0660 007:999.456 JLINK_ClrBPEx(BPHandle = 0x00000006)
T0660 007:999.509 - 0.053ms returns 0x00
T0660 007:999.553 JLINK_SetBPEx(Addr = 0x0000075E, Type = 0xFFFFFF00)
T0660 007:999.599 - 0.045ms returns 0x00000007
T60F4 015:496.842 JLINK_ClrBPEx(BPHandle = 0x00000007)
T60F4 015:497.269 - 0.427ms returns 0x00
T60F4 015:497.338 JLINK_Halt()
T60F4 015:497.368 - 0.031ms returns 0x00
T60F4 015:497.400 JLINK_ReadReg(XPSR)
T60F4 015:497.434 - 0.033ms returns 0x61000000
T60F4 015:507.163 JLINK_Close()
T60F4 015:508.496   CPU_WriteMem(4 bytes @ 0xE0002008)
T60F4 015:508.570   CPU_WriteMem(4 bytes @ 0xE000200C)
T60F4 015:508.610   CPU_WriteMem(4 bytes @ 0xE0002010)
T60F4 015:508.635   CPU_WriteMem(4 bytes @ 0xE0002014)
T60F4 015:509.494   OnDisconnectTarget() start
T60F4 015:509.547    J-Link Script File: Executing OnDisconnectTarget()
T60F4 015:509.565   Restoring low power mode settings.
T60F4 015:511.162   OnDisconnectTarget() end - Took 1.61ms
T60F4 015:528.630 - 21.465ms
T60F4 015:528.752   
T60F4 015:528.770   Closed
